Info: Start Nativelink Simulation process
Info: NativeLink has detected VHDL design -- VHDL simulation models will be used

========= EDA Simulation Settings =====================

Sim Mode              :  RTL
Family                :  cycloneive
Quartus root          :  /home/tiagorg/intelFPGA_lite/20.1/quartus/linux64/
Quartus sim root      :  /home/tiagorg/intelFPGA_lite/20.1/quartus/eda/sim_lib
Simulation Tool       :  modelsim-altera
Simulation Language   :  vhdl
Version               :  93
Simulation Mode       :  GUI
Sim Output File       :  
Sim SDF file          :  
Sim dir               :  simulation/modelsim

=======================================================

Info: Starting NativeLink simulation with ModelSim-Altera software
Sourced NativeLink script /home/tiagorg/intelFPGA_lite/20.1/quartus/common/tcl/internal/nativelink/modelsim.tcl
Warning: File BreadMachine_run_msim_rtl_vhdl.do already exists - backing up current file as BreadMachine_run_msim_rtl_vhdl.do.bak7
Info: Spawning ModelSim-Altera Simulation software 
Info: NativeLink simulation flow was successful
